// Jest Snapshot v1, https://goo.gl/fbAQLP

exports[`Mission component renders Mission component 1`] = `
<button
  className="btn btn-primary"
  disabled={true}
  type="button"
>
  <span
    aria-hidden="true"
    className="spinner-grow spinner-grow-sm"
    role="status"
  />
  Loading...
</button>
`;

exports[`Mission component renders Mission component 2`] = `
<li
  className="mission-list"
>
  <h5
    className="mission-name"
  >
    Commercial Resupply Services
  </h5>
  <p
    className="description"
  >
    Commercial Resupply Services (CRS) are a series of contracts awarded by NASA from 2008â€“2016 for delivery of cargo.
  </p>
  <span
    className="status"
  >
    <span
      className="badge bg-secondary"
    >
      NOT A MEMBER
    </span>
  </span>
  <div
    className="join"
  >
    <button
      className="btn btn-outline-secondary"
      disabled={false}
      onClick={[Function]}
      type="button"
    >
      Join Mission
    </button>
  </div>
</li>
`;
