// Jest Snapshot v1, https://goo.gl/fbAQLP

exports[`Rockets component renders Rocket component 1`] = `
<div
  className="rocketItemCont"
>
  <section
    className="rocketImgCont"
  >
    <img
      alt=""
      src="h"
    />
  </section>
  <section
    className="rocket_details"
    id="2"
  >
    <h2>
      Falcon 2
    </h2>
    <p>
      Good rocket!
    </p>
    <button
      className="reserveButton"
      data-testid="reserveButton"
      onClick={[Function]}
      type="button"
    >
      Reserve Rocket
    </button>
  </section>
</div>
`;

exports[`Rockets component renders Rockets component 1`] = `
<div
  className="loading"
>
  <h1>
    Loading...
  </h1>
</div>
`;
